"Time intervals" for "10:00-12:00": [1m[32mPASSED[39m[22m
"Time intervals" for "10:00-12:00,": [1m[32mPASSED[39m[22m
"Time intervals" for "10:00-12:00;": [1m[32mPASSED[39m[22m
"Time intervals" for "10:00-11:00; 11:00-12:00": [1m[32mPASSED[39m[22m
"Time intervals" for "10-12": [1m[32mPASSED[39m[22m
With [1m[34mwarnings[39m[22m:
	*10-12 <--- (Time range without minutes specified. Not very explicit! Please use this syntax instead e.g. "12:00-14:00".)
"Time intervals" for "10:00-11:00,11:00-12:00": [1m[32mPASSED[39m[22m
"Time intervals" for "10:00-11:00; 11:00-12:00": [1m[32mPASSED[39m[22m
"Time intervals" for "10:00-14:00; 12:00-14:00 off": [1m[32mPASSED[39m[22m
"Time intervals" for "10:00-12:00; 10:30-11:30": [1m[32mPASSED[39m[22m
"Time intervals" for "24/7; Mo 15:00-16:00 off": [1m[32mPASSED[39m[22m
With [1m[34mwarnings[39m[22m:
	*24/7; Mo 15:00-16:00 off <--- (You used 24/7 in a way that is probably not interpreted as "24 hours 7 days a week". For correctness you might want to use "open" or "closed" for this rule and then write your exceptions which should achieve the same goal and is more clear e.g. "open; Mo 12:00-14:00 off".)
"Time intervals" for "open; Mo 15:00-16:00 off": [1m[32mPASSED[39m[22m
"Time intervals" for "00:00-24:00; Mo 15:00-16:00 off": [1m[32mPASSED[39m[22m
"Input tolerance: dot as time separator" for "10:00-12:00": [1m[32mPASSED[39m[22m
"Input tolerance: dot as time separator" for "10.00-12.00": [1m[32mPASSED[39m[22m
With [1m[34mwarnings[39m[22m:
	*10. <--- (Please use ":" as hour/minute-separator)
	*10.00-12. <--- (Please use ":" as hour/minute-separator)
"Input tolerance: dot as time separator" for "10:00-14:00; 12:00-14:00 off": [1m[32mPASSED[39m[22m
"Input tolerance: dot as time separator" for "10-14; 12-14 off": [1m[32mPASSED[39m[22m
With [1m[34mwarnings[39m[22m:
	*10-14 <--- (Time range without minutes specified. Not very explicit! Please use this syntax instead e.g. "12:00-14:00".)
	*10-14; 12-14  <--- (Time range without minutes specified. Not very explicit! Please use this syntax instead e.g. "12:00-14:00".)
"Input tolerance: dot as time separator" for "10.00-14.00; 12.00-14.00 off": [1m[32mPASSED[39m[22m
With [1m[34mwarnings[39m[22m:
	*10. <--- (Please use ":" as hour/minute-separator)
	*10.00-14. <--- (Please use ":" as hour/minute-separator)
	*10.00-14.00; 12. <--- (Please use ":" as hour/minute-separator)
	*10.00-14.00; 12.00-14. <--- (Please use ":" as hour/minute-separator)
"Input tolerance: short time (test prettify)" for "10:00-12:00,13:00-20:00": [1m[32mPASSED[39m[22m
"Input tolerance: short time (test prettify)" for "10-12,13-20": [1m[32mPASSED[39m[22m
With [1m[34mwarnings[39m[22m:
	*10-12 <--- (Time range without minutes specified. Not very explicit! Please use this syntax instead e.g. "12:00-14:00".)
	*10-12,13-20 <--- (Time range without minutes specified. Not very explicit! Please use this syntax instead e.g. "12:00-14:00".)
"Input tolerance: short time (test prettify)" for "10am-12am,1pm-8pm": [1m[32mPASSED[39m[22m
With [1m[34mwarnings[39m[22m:
	*10am <--- (Please use time format in 24 hours notation ("am"). If PM is used you might have to convert the hours to the 24 hours notation.)
	*10am-12am <--- (Please use time format in 24 hours notation ("am"). If PM is used you might have to convert the hours to the 24 hours notation.)
	*10am-12am,1pm <--- (Please use time format in 24 hours notation ("pm"). If PM is used you might have to convert the hours to the 24 hours notation.)
	*10am-12am,1pm-8pm <--- (Please use time format in 24 hours notation ("pm"). If PM is used you might have to convert the hours to the 24 hours notation.)
	*10am-12am <--- (Time range without minutes specified. Not very explicit! Please use this syntax instead e.g. "12:00-14:00".)
	*10am-12am,1pm-8pm <--- (Time range without minutes specified. Not very explicit! Please use this syntax instead e.g. "12:00-14:00".)
"Input tolerance: short time (test prettify)" for "10:00am-12:00am,1:00pm-8:00pm": [1m[32mPASSED[39m[22m
With [1m[34mwarnings[39m[22m:
	*10:00am <--- (Please use time format in 24 hours notation ("am"). If PM is used you might have to convert the hours to the 24 hours notation.)
	*10:00am-12:00am <--- (Please use time format in 24 hours notation ("am"). If PM is used you might have to convert the hours to the 24 hours notation.)
	*10:00am-12:00am,1:00pm <--- (Please use time format in 24 hours notation ("pm"). If PM is used you might have to convert the hours to the 24 hours notation.)
	*10:00am-12:00am,1:00pm-8:00pm <--- (Please use time format in 24 hours notation ("pm"). If PM is used you might have to convert the hours to the 24 hours notation.)
"Time intervals, short time" for "Mo 07:00-18:00": [1m[32mPASSED[39m[22m
"Time intervals, short time" for "Mo 7-18": [1m[32mPASSED[39m[22m
With [1m[34mwarnings[39m[22m:
	*Mo 7-18 <--- (Time range without minutes specified. Not very explicit! Please use this syntax instead e.g. "12:00-14:00".)
"Time ranges spanning midnight" for "22:00-02:00": [1m[32mPASSED[39m[22m
"Time ranges spanning midnight" for "22:00-26:00": [1m[32mPASSED[39m[22m
"Time ranges spanning midnight" for "22-2": [1m[32mPASSED[39m[22m
With [1m[34mwarnings[39m[22m:
	*22-2 <--- (Time range without minutes specified. Not very explicit! Please use this syntax instead e.g. "12:00-14:00".)
"Time ranges spanning midnight" for "22:00-26:00": [1m[32mPASSED[39m[22m
"Time ranges spanning midnight" for "22-26": [1m[32mPASSED[39m[22m
With [1m[34mwarnings[39m[22m:
	*22-26 <--- (Time range without minutes specified. Not very explicit! Please use this syntax instead e.g. "12:00-14:00".)
"Time ranges spanning midnight" for "We 22:00-22:00": [1m[32mPASSED[39m[22m
"Time ranges spanning midnight with date overwriting" for "22:00-02:00; Tu 12:00-14:00": [1m[32mPASSED[39m[22m
"Time ranges spanning midnight with date overwriting (complex real world example)" for "Su-Tu 11:00-01:00, We-Th 11:00-03:00, Fr 11:00-06:00, Sa 11:00-07:00": [1m[32mPASSED[39m[22m
"Time ranges spanning midnight (maximum supported)" for "Tu 23:59-48:00": [1m[32mPASSED[39m[22m
"Time ranges spanning midnight with open ened (maximum supported)" for "Tu 23:59-40:00+": [1m[32mPASSED[39m[22m
"Open end" for "07:00+ open "visit there website to know if they did already close"": [1m[32mPASSED[39m[22m
"Open end" for "07:00+ unknown "visit there website to know if they did already close"": [1m[32mPASSED[39m[22m
"Open end" for "17:00+": [1m[32mPASSED[39m[22m
"Open end" for "17:00+; 15:00-16:00 off": [1m[32mPASSED[39m[22m
"Open end" for "15:00-16:00 off; 17:00+": [1m[32mPASSED[39m[22m
"Open end, variable time" for "sunrise+": [1m[32mPASSED[39m[22m
"Open end, variable time" for "(sunrise+01:00)+": [1m[32mPASSED[39m[22m
"Open end" for "17:00+ off": [1m[32mPASSED[39m[22m
"Open end" for "17:00-19:00 off": [1m[32mPASSED[39m[22m
"Open end" for "07:00+,12:00-16:00; 16:00-24:00 closed "needed because of open end"": [1m[32mPASSED[39m[22m
"Fixed time followed by open end" for "14:00-17:00+": [1m[32mPASSED[39m[22m
"variable time range followed by open end" for "14:00-sunset+": [1m[32mPASSED[39m[22m
"variable time range followed by open end" for "sunrise-14:00+": [1m[32mPASSED[39m[22m
"variable time range followed by open end" for "sunrise-(sunset+01:00)+": [1m[32mPASSED[39m[22m
"variable time range followed by open end" for "sunrise-(sunset+01:00)+; Su off": [1m[32mPASSED[39m[22m
"variable time range followed by open end, day wrap and different states" for "Fr 11:00-24:00+ open "geöffnet täglich von 11:00 Uhr bis tief in die Nacht"": [1m[32mPASSED[39m[22m
"Variable times e.g. dawn, dusk" for "Mo dawn-dusk": [1m[32mPASSED[39m[22m
"Variable times e.g. dawn, dusk" for "dawn-dusk": [1m[32mPASSED[39m[22m
"Variable times e.g. sunrise, sunset" for "Mo sunrise-sunset": [1m[32mPASSED[39m[22m
"Variable times e.g. sunrise, sunset" for "sunrise-sunset": [1m[32mPASSED[39m[22m
"Variable times e.g. sunrise, sunset without coordinates (→ constant times)" for "sunrise-sunset": [1m[32mPASSED[39m[22m
"Variable times calculation without coordinates" for "(sunrise+01:02)-(sunset-00:30)": [1m[32mPASSED[39m[22m
"Variable times e.g. dawn, dusk without coordinates (→ constant times)" for "dawn-dusk": [1m[32mPASSED[39m[22m
"Variable times e.g. dawn, dusk without coordinates (→ constant times)" for "(dawn+00:00)-dusk": [1m[32mPASSED[39m[22m
With [1m[34mwarnings[39m[22m:
	*(dawn+00:00 <--- (Adding zero in a variable time calculation does not change the variable time. Please omit the calculation (example: "sunrise-(sunset-00:00)").)
"Variable times e.g. dawn, dusk without coordinates (→ constant times)" for "dawn-(dusk-00:00)": [1m[32mPASSED[39m[22m
With [1m[34mwarnings[39m[22m:
	*dawn-(dusk-00:00 <--- (Adding zero in a variable time calculation does not change the variable time. Please omit the calculation (example: "sunrise-(sunset-00:00)").)
"Variable times e.g. dawn, dusk without coordinates (→ constant times)" for "(dawn+00:00)-(dusk-00:00)": [1m[32mPASSED[39m[22m
With [1m[34mwarnings[39m[22m:
	*(dawn+00:00 <--- (Adding zero in a variable time calculation does not change the variable time. Please omit the calculation (example: "sunrise-(sunset-00:00)").)
	*(dawn+00:00)-(dusk-00:00 <--- (Adding zero in a variable time calculation does not change the variable time. Please omit the calculation (example: "sunrise-(sunset-00:00)").)
"Variable times e.g. sunrise, sunset over a few days" for "sunrise-sunset": [1m[32mPASSED[39m[22m
"Variable times calculation with coordinates" for "(sunrise+02:00)-sunset": [1m[32mPASSED[39m[22m
"Variable times which moves over fix end time" for "sunrise-08:02": [1m[32mPASSED[39m[22m
"Variable times which moves over fix end time" for "sunrise-08:00": [1m[32mPASSED[39m[22m
"Variable times which moves over fix end time" for "sunrise-07:58": [1m[32mPASSED[39m[22m
"Variable times which moves over fix end time" for "sunrise-06:00": [1m[32mPASSED[39m[22m
"Variable times which moves over fix end time" for "sunrise-05:59": [1m[32mPASSED[39m[22m
"Variable times which moves over fix end time" for "sunrise-06:00": [1m[32mPASSED[39m[22m
"Variable times spanning midnight" for "sunset-sunrise": [1m[32mPASSED[39m[22m
"Variable times spanning midnight" for "sunset-sunrise Mo-Su": [1m[32mPASSED[39m[22m
"Variable times spanning midnight" for "sunset-sunrise": [1m[32mPASSED[39m[22m
"Variable times spanning midnight" for "sunset-sunrise Mo-Su": [1m[32mPASSED[39m[22m
"Variable times spanning midnight" for "sunset-07:22 Mo-Su": [1m[32mPASSED[39m[22m
"Variable times spanning midnight" for "19:00-sunrise Mo-Su": [1m[32mPASSED[39m[22m
"Variable days: public holidays" for "PH": [1m[32mPASSED[39m[22m
"Variable days: public holidays" for "open; PH off": [1m[32mPASSED[39m[22m
"Variable days: public holidays (with time range)" for "PH 12:00-13:00": [1m[32mPASSED[39m[22m
"Variable days: public holidays (with time range)" for "PH 12:00-13:00 open "this comment should override the holiday name which is returned as comment if PH matches."": [1m[32mPASSED[39m[22m
"PH: Only if PH is Wednesday" for "PH We,Fr": [1m[32mPASSED[39m[22m
"PH: Only if PH is Wednesday" for "PH: We,Fr": [1m[32mPASSED[39m[22m
With [1m[34mwarnings[39m[22m:
	*PH:  <--- (Please don’t use ":" after holiday.)
"PH: Only if SH is Wednesday" for "SH Mo-Fr": [1m[32mPASSED[39m[22m
"PH: Only if SH is Wednesday" for "SH: Mo-Fr": [1m[32mPASSED[39m[22m
With [1m[34mwarnings[39m[22m:
	*SH:  <--- (Please don’t use ":" after holiday.)
"Variable days: public holidays" for "PH +1 day": [1m[32mPASSED[39m[22m
"Variable days: public holidays" for "PH -1 day": [1m[32mPASSED[39m[22m
"Variable days: school holidays" for "SH": [1m[32mPASSED[39m[22m
"Variable days: school holiday" for "open; SH off": [1m[32mPASSED[39m[22m
"Variable days: school holidays" for "SH": [1m[32mPASSED[39m[22m
"SH: Only if SH is Wednesday" for "SH We": [1m[32mPASSED[39m[22m
"Variable days: school holidays" for "SH,PH": [1m[32mPASSED[39m[22m
"Variable days: school holidays" for "Su,SH,PH": [1m[32mPASSED[39m[22m
"Variable days: school holidays" for "SH,Su,PH": [1m[32mPASSED[39m[22m
"Variable days: school holidays" for "SH,PH,Su": [1m[32mPASSED[39m[22m
"Variable days: Everyday including public holidays" for "Mo-Su,PH": [1m[32mPASSED[39m[22m
"Variable days: Everyday including public holidays" for "PH,Mo-Su": [1m[32mPASSED[39m[22m
"Weekdays" for "Mo,Th,Sa,Su 10:00-12:00": [1m[32mPASSED[39m[22m
"Weekdays" for "Mo,Th,Sa-Su 10:00-12:00": [1m[32mPASSED[39m[22m
"Weekdays" for "Th,Sa-Mo 10:00-12:00": [1m[32mPASSED[39m[22m
"Weekdays" for "10:00-12:00; Tu-We 00:00-24:00 off; Fr 00:00-24:00 off": [1m[32mPASSED[39m[22m
"Weekdays" for "10:00-12:00; Tu-We off; Fr off": [1m[32mPASSED[39m[22m
"Omitted time" for "Mo,We": [1m[32mPASSED[39m[22m
"Omitted time" for "Mo&We": [1m[32mPASSED[39m[22m
With [1m[34mwarnings[39m[22m:
	*Mo& <--- (Please use notation "," for "&".)
"Omitted time" for "Mo and We": [1m[32mPASSED[39m[22m
With [1m[34mwarnings[39m[22m:
	*Mo and <--- (Please use notation "," for "and".)
"Omitted time" for "Mo-We; Tu off": [1m[32mPASSED[39m[22m
"Time ranges spanning midnight w/weekdays" for "We 22:00-02:00": [1m[32mPASSED[39m[22m
"Time ranges spanning midnight w/weekdays" for "We 22:00-26:00": [1m[32mPASSED[39m[22m
"Exception blocks" for "Mo-Fr 10:00-16:00; We 12:00-18:00": [1m[32mPASSED[39m[22m
"Full range" for "00:00-24:00": [1m[32mPASSED[39m[22m
"Full range" for "Mo-Su 00:00-24:00": [1m[32mPASSED[39m[22m
"Full range" for "Tu-Mo 00:00-24:00": [1m[32mPASSED[39m[22m
"Full range" for "We-Tu 00:00-24:00": [1m[32mPASSED[39m[22m
"Full range" for "Th-We 00:00-24:00": [1m[32mPASSED[39m[22m
"Full range" for "Fr-Th 00:00-24:00": [1m[32mPASSED[39m[22m
"Full range" for "Sa-Fr 00:00-24:00": [1m[32mPASSED[39m[22m
"Full range" for "Su-Sa 00:00-24:00": [1m[32mPASSED[39m[22m
"Full range" for "24/7": [1m[32mPASSED[39m[22m
"Full range" for "24/7; 24/7": [1m[32mPASSED[39m[22m
"Full range" for "0-24": [1m[32mPASSED[39m[22m
With [1m[34mwarnings[39m[22m:
	*0-24 <--- (Time range without minutes specified. Not very explicit! Please use this syntax instead e.g. "12:00-14:00".)
"Full range" for "open": [1m[32mPASSED[39m[22m
"Full range" for "12:00-13:00; 24/7": [1m[32mPASSED[39m[22m
"Full range" for "00:00-24:00,12:00-13:00": [1m[32mPASSED[39m[22m
"Full range" for "Mo-Fr,Sa,Su": [1m[32mPASSED[39m[22m
"Full range" for "Jan-Dec": [1m[32mPASSED[39m[22m
"Full range" for "Feb-Jan": [1m[32mPASSED[39m[22m
"Full range" for "Dec-Nov": [1m[32mPASSED[39m[22m
"Full range" for "week 1-54": [1m[32mPASSED[39m[22m, [1m[33mexcept[39m[22m weekstable which is ignored for now
"24/7 as time interval alias (don’t use it 24/7 as showen here)" for "Mo,We 24/7": [1m[32mPASSED[39m[22m
With [1m[34mwarnings[39m[22m:
	*Mo,We 24/7 <--- (You used 24/7 in a way that is probably not interpreted as "24 hours 7 days a week". For correctness you might want to use "open" or "closed" for this rule and then write your exceptions which should achieve the same goal and is more clear e.g. "open; Mo 12:00-14:00 off".)
"24/7 as time interval alias (don’t use it 24/7 as showen here)" for "Mo,We open": [1m[32mPASSED[39m[22m
"24/7 as time interval alias (don’t use it 24/7 as showen here)" for "Mo,We 00:00-24:00": [1m[32mPASSED[39m[22m
"24/7 as time interval alias (don’t use it 24/7 as showen here)" for "Mo,We": [1m[32mPASSED[39m[22m
"Constrained weekdays" for "We[4,5] 10:00-12:00": [1m[32mPASSED[39m[22m
"Constrained weekdays" for "We[4-5] 10:00-12:00": [1m[32mPASSED[39m[22m
"Constrained weekdays" for "We[4],We[5] 10:00-12:00": [1m[32mPASSED[39m[22m
"Constrained weekdays" for "We[4] 10:00-12:00; We[-1] 10:00-12:00": [1m[32mPASSED[39m[22m
"Constrained weekdays" for "We[-1,-2] 10:00-12:00": [1m[32mPASSED[39m[22m
"Calculations based on constrained weekdays" for "Sa[-1] +3 days 10:00-12:00": [1m[32mPASSED[39m[22m
"Calculations based on constrained weekdays" for "Sa[-1] +3 day 10:00-12:00": [1m[32mPASSED[39m[22m
"Calculations based on constrained weekdays: last weekend in month" for "Sa[-1],Sa[-1] +1 day 10:00-12:00": [1m[32mPASSED[39m[22m
"Calculations based on constrained weekdays: last weekend in month" for "Sa[-1],Sa[-1] +1 day": [1m[32mPASSED[39m[22m
"Calculations based on constrained weekdays" for "Sa[2] +3 days 10:00-12:00": [1m[32mPASSED[39m[22m
"Calculations based on constrained weekdays" for "Sa[1] -5 days": [1m[32mPASSED[39m[22m
"Calculations based on constrained weekdays" for "Su[-1] -1 day": [1m[32mPASSED[39m[22m
"Calculations based on constrained weekdays" for "Aug Su[-1] +1 day": [1m[32mPASSED[39m[22m
"Calculations based on constrained weekdays" for "Aug Su[-1] +1 day": [1m[32mPASSED[39m[22m
"Constrained weekday (complex real world example)" for "Apr-Oct: Su[2] 14:00-18:00; Aug Su[-1] -1 day 10:00-18:00, Aug Su[-1]: 10:00-18:00": [1m[32mPASSED[39m[22m
"Constrained weekday (complex real world example)" for "Apr-Oct: Su[2] 14:00-18:00; Aug Su[-1] -1 day 10:00-18:00; Aug Su[-1]: 10:00-18:00": [1m[32mPASSED[39m[22m
"Additional blocks" for "Mo-Fr 10:00-16:00, We 12:00-18:00": [1m[32mPASSED[39m[22m
"Additional blocks" for "Mo-Fr 10:00-16:00, We 12:00-18:00,": [1m[32mPASSED[39m[22m
"Additional blocks" for "Mo-Fr 08:00-12:00, We 14:00-18:00": [1m[32mPASSED[39m[22m
"Additional blocks" for "Mo-Fr 08:00-12:00, We 14:00-18:00, Su off": [1m[32mPASSED[39m[22m
"Fallback group blocks (unknown)" for "We-Fr 10:00-24:00 open "it is open" || "please call"": [1m[32mPASSED[39m[22m
"Fallback group blocks (unknown)" for "We-Fr 10:00-24:00 open "it is open" || "please call" || closed "should never appear"": [1m[32mPASSED[39m[22m
"Fallback group blocks (unknown)" for "We-Fr 10:00-24:00 open "it is open" || "please call" || unknown "should never appear"": [1m[32mPASSED[39m[22m
"Fallback group blocks (unknown)" for "We-Fr 10:00-24:00 open "it is open" || "please call" || open "should never appear"": [1m[32mPASSED[39m[22m
"Fallback group blocks" for "We-Fr 10:00-24:00 open "first" || We "please call" || open "we are open!!!"": [1m[32mPASSED[39m[22m
"Fallback group blocks" for "Mo-Fr 08:00-12:00,14:00-18:00, Sa 09:00-13:00, PH off || Tu 06:00-06:00 open "Notdienst"": [1m[32mPASSED[39m[22m
"Fallback group blocks" for "Mo-Fr 08:00-12:00,14:00-18:00; Sa 09:00-13:00; PH off || Tu 06:00-06:00 open "Notdienst"": [1m[32mPASSED[39m[22m
"Fallback group blocks" for "Mo-Fr 08:00-11:00 || Th-Sa 12:00-13:00 open "Emergency only"": [1m[32mPASSED[39m[22m
"Fallback group blocks" for "Mo-Fr 08:00-11:00, Th-Sa 12:00-13:00 open "Emergency only"": [1m[32mPASSED[39m[22m
"Fallback group blocks, with some closed times" for "Mo,Tu,Th 09:00-12:00; Fr 14:00-17:30 || "Termine nach Vereinbarung"; We off": [1m[32mPASSED[39m[22m
"Week ranges" for "week 1,3 00:00-24:00": [1m[32mPASSED[39m[22m
"Week ranges" for "week 1,3 00:00-24:00 || closed "should not change the test result"": [1m[32mPASSED[39m[22m
"Week ranges" for "week 1,3: 00:00-24:00": [1m[32mPASSED[39m[22m
"Week ranges" for "week 1,week 3: 00:00-24:00": [1m[32mPASSED[39m[22m
"Week ranges" for "week 1-3/2 00:00-24:00": [1m[32mPASSED[39m[22m
"Week ranges" for "week 2,4 00:00-24:00": [1m[32mPASSED[39m[22m
"Week ranges" for "week 2-4/2 00:00-24:00": [1m[32mPASSED[39m[22m
"Week range limit" for "week 2-54 00:00-24:00": [1m[32mPASSED[39m[22m
"Week range limit" for "week 2-54: 00:00-24:00": [1m[32mPASSED[39m[22m
"Week range limit" for "week 2-57": [1m[32mPASSED[39m[22m
"Only in one month of the year" for "Apr 08:00-12:00": [1m[32mPASSED[39m[22m
"Only in one month of the year" for "Apr: 08:00-12:00": [1m[32mPASSED[39m[22m
"Month ranges" for "Nov-Feb 00:00-24:00": [1m[32mPASSED[39m[22m
"Month ranges" for "Nov-Feb": [1m[32mPASSED[39m[22m
"Month ranges" for "Nov-Feb 0-24": [1m[32mPASSED[39m[22m
With [1m[34mwarnings[39m[22m:
	*Nov-Feb 0-24 <--- (Time range without minutes specified. Not very explicit! Please use this syntax instead e.g. "12:00-14:00".)
"Month ranges" for "Nov-Feb: 00:00-24:00": [1m[32mPASSED[39m[22m
"Month ranges" for "Jan,Feb,Nov,Dec 00:00-24:00": [1m[32mPASSED[39m[22m
"Month ranges" for "00:00-24:00; Mar-Oct off": [1m[32mPASSED[39m[22m
"Month ranges" for "open; Mar-Oct off": [1m[32mPASSED[39m[22m
"Month ranges" for "Nov-Nov 00:00-24:00": [1m[32mPASSED[39m[22m
"Month ranges" for "Nov-Nov": [1m[32mPASSED[39m[22m
"Month ranges" for "2012 Nov-Nov": [1m[32mPASSED[39m[22m
"Month ranges" for "Jan 1,Dec 24-25; Nov Th[4]": [1m[32mPASSED[39m[22m
"Month ranges" for "Jan 1,Dec 24,25; Nov Th[4]": [1m[32mPASSED[39m[22m
"Month ranges" for "2012 Jan 1,2012 Dec 24-25; 2012 Nov Th[4]": [1m[32mPASSED[39m[22m
"Month ranges" for "Jan 1,Dec 11,Dec 15-17,Dec 19-23/2,Dec 24-25": [1m[32mPASSED[39m[22m
"Month ranges" for "Jan 1,Dec 11,15-17,19-23/2,24,25": [1m[32mPASSED[39m[22m
"Monthday ranges" for "Jan 23-31 00:00-24:00; Feb 1-12 00:00-24:00": [1m[32mPASSED[39m[22m
"Monthday ranges" for "Jan 23-Feb 12 00:00-24:00": [1m[32mPASSED[39m[22m
"Monthday ranges" for "Jan 23-Feb 12: 00:00-24:00": [1m[32mPASSED[39m[22m
"Monthday ranges" for "2012 Jan 23-2012 Feb 12 00:00-24:00": [1m[32mPASSED[39m[22m
"Monthday ranges" for "Dec 24,Jan 2: 18:00-22:00": [1m[32mPASSED[39m[22m
"Monthday ranges" for "Dec 24,Jan 2: 18:00-22:00; Jan 20: off": [1m[32mPASSED[39m[22m
"Monthday ranges" for "Dec 24,Jan 2 18:00-22:00": [1m[32mPASSED[39m[22m
"Monthday ranges (with year)" for "2012 Jan 23-31 00:00-24:00; Feb 1-12 00:00-24:00 2012": [1m[32mPASSED[39m[22m
"Monthday ranges spanning year boundary" for "Dec 31-Jan 1": [1m[32mPASSED[39m[22m
"Full day (with year)" for "2013 Dec 31,2014 Jan 5": [1m[32mPASSED[39m[22m
"Full day (with year)" for "2013 Dec 31; 2014 Jan 5": [1m[32mPASSED[39m[22m
"Full day (with year)" for "2013/10 Dec 31; 2014/10 Jan 5": [1m[32mPASSED[39m[22m
"Date range which only applies for one year" for "2013 Dec 31": [1m[32mPASSED[39m[22m
"Date range which only applies for one year" for "2013 Dec 31; 2014 Jan 5; 2014/1 off": [1m[32mPASSED[39m[22m
With [1m[34mwarnings[39m[22m:
	*2013 Dec 31; 2014 Jan 5; 2014/1  <--- (Please don’t use year ranges with period equals one. If you want to express that a facility is open starting from a year without limit use "<year>+".)
"Monthday (with year) ranges spanning year boundary" for "2013 Dec 31-2014 Jan 2": [1m[32mPASSED[39m[22m
"Monthday (with year) ranges spanning year boundary" for "open; 2010 Jan 1-2013 Dec 30 off; 2014 Jan 3-2016 Jan 1 off": [1m[32mPASSED[39m[22m
"Monthday ranges with constrained weekday" for "Jan Su[2]-Jan 15": [1m[32mPASSED[39m[22m
"Monthday ranges with constrained weekday" for "Jan 20-Jan Su[-1]": [1m[32mPASSED[39m[22m
"Monthday ranges with constrained weekday" for "Jan Su[1] +2 days-Jan Su[3] -2 days": [1m[32mPASSED[39m[22m
"Monthday ranges with constrained weekday spanning year" for "Dec 20-Dec Su[-1] +4 days": [1m[32mPASSED[39m[22m
"Monthday ranges with constrained" for "Nov Su[-1]-Dec Su[1] -1 day": [1m[32mPASSED[39m[22m
"Monthday ranges" for "Mar Su[-1]-Oct Su[-1] -1 day open; Oct Su[-1]-Mar Su[-1] -1 day off": [1m[32mPASSED[39m[22m
"Monthday ranges" for "Mar Su[-1]-Oct Su[-1] -1 day open": [1m[32mPASSED[39m[22m
"Month ranges with year" for "2012 Jan 10-15,Jan 11": [1m[32mPASSED[39m[22m
"Complex monthday ranges" for "Jan 23-31,Feb 1-12 00:00-24:00": [1m[32mPASSED[39m[22m
"Complex monthday ranges" for "Jan 23-Feb 11,Feb 12 00:00-24:00": [1m[32mPASSED[39m[22m
"Leap year monthday" for "2016 Feb 29": [1m[32mPASSED[39m[22m
"Leap year monthday" for "2015 Feb 29": [1m[32mPASSED[39m[22m
"Last day in month" for "Jan 31,Mar 31,Apr 30,May 31,Jun 30,Jul 31,Aug 31,Sep 30,Oct 31,Nov 30,Dec 31 open "last day in month"; Feb 29 open "last day in month (Feb, leap year)"; 2009/4,2010/4,2011/4 Feb 28 open "last day in month (Feb, not leap year)"": [1m[32mPASSED[39m[22m
"Last day in month" for "Jan 31,Mar 31,Apr 30,May 31,Jun 30,Jul 31,Aug 31,Sep 30,Oct 31,Nov 30,Dec 31 open "last day in month"; 2008/4 Feb 29 open "last day in month (Feb, leap year)"; 2009/4,2010/4,2011/4 Feb 28 open "last day in month (Feb, not leap year)"": [1m[32mPASSED[39m[22m
"Periodical monthdays" for "Jan 1-31/8 00:00-24:00": [1m[32mPASSED[39m[22m
"Periodical monthdays" for "Jan 1-31/8: 00:00-24:00": [1m[32mPASSED[39m[22m
"Periodical monthdays" for "Jan 1-31/8": [1m[32mPASSED[39m[22m
"Periodical monthdays" for "2012 Jan 1-31/8": [1m[32mPASSED[39m[22m
"Periodical monthdays" for "2012 Jan 1-31/8; 2010 Dec 1-31/8": [1m[32mPASSED[39m[22m
"Periodical monthdays" for "2012 Jan 1-31/8; 2015 Dec 1-31/8": [1m[32mPASSED[39m[22m
"Periodical monthdays" for "2012 Jan 1-31/8; 2025 Dec 1-31/8": [1m[32mPASSED[39m[22m
"Periodical monthdays" for "2012 Jan 1-31/8: 00:00-24:00": [1m[32mPASSED[39m[22m
"Periodical monthdays" for "Jan 10-31/7": [1m[32mPASSED[39m[22m
"Date range which only applies for specific year" for "2013,2015,2050-2053,2055/2,2020-2029/3,2060+ Jan 1": [1m[32mPASSED[39m[22m
"Date range which only applies for specific year" for "2013,2015,2050-2053,2055/2,2020-2029/3,2060+ Jan 1 Mo-Su": [1m[32mPASSED[39m[22m
"Date range which only applies for specific year" for "2060+": [1m[32mPASSED[39m[22m
"Date range which only applies for specific year" for "2040-2050": [1m[32mPASSED[39m[22m
"Date range which only applies for specific year" for "2012-2016": [1m[32mPASSED[39m[22m
"Selector combination" for "week 3 We": [1m[32mPASSED[39m[22m
"Selector combination" for "week 3 Jan 11-Jan 11": [1m[32mPASSED[39m[22m
"Selector combination" for "week 3 Jan 11": [1m[32mPASSED[39m[22m
"Selector combination" for "week 3 Jan": [1m[32mPASSED[39m[22m
"Selector combination" for "Jan-Feb Jan 9-Jan 15": [1m[32mPASSED[39m[22m
"Selector combination" for "Jan-Feb Jan 9-15": [1m[32mPASSED[39m[22m
"Selector combination" for "Jan We": [1m[32mPASSED[39m[22m
"Selector combination" for "Jan 2-27 We": [1m[32mPASSED[39m[22m
"Selector combination" for "Dec 30-Jan 27 We": [1m[32mPASSED[39m[22m
"Selector order" for "Feb week 6": [1m[32mPASSED[39m[22m
"Selector order" for "week 6 Feb": [1m[32mPASSED[39m[22m
"Selector order" for "00:00-24:00 week 6 Feb": [1m[32mPASSED[39m[22m
"Selector order" for "week 6 00:00-24:00 Feb": [1m[32mPASSED[39m[22m
"Selector order" for "week 6 Feb 00:00-24:00": [1m[32mPASSED[39m[22m
"Selector order" for "week 6 Feb: 00:00-24:00": [1m[32mPASSED[39m[22m
"Selector order" for "week 6 Feb Mo-Su 00:00-24:00": [1m[32mPASSED[39m[22m
"Selector order" for "Mo-Su week 6 Feb 00:00-24:00": [1m[32mPASSED[39m[22m
"Selector order" for "00:00-24:00 Mo-Su week 6 Feb": [1m[32mPASSED[39m[22m
"Selector order" for "00:00-24:00 week 6 Mo-Su Feb": [1m[32mPASSED[39m[22m
"Selector order" for "Mo-Su 00:00-24:00 week 6 Feb": [1m[32mPASSED[39m[22m
"Selector order" for "2012 00:00-24:00 week 6 Feb": [1m[32mPASSED[39m[22m
"Selector order" for "00:00-24:00 2012 week 6 Feb": [1m[32mPASSED[39m[22m
"Selector order" for "week 6 Feb 2012-2014": [1m[32mPASSED[39m[22m
"Selector order" for "Feb week 7": [1m[32mPASSED[39m[22m
"Selector order" for "week 7 Feb": [1m[32mPASSED[39m[22m
"Selector order" for "week 7 Feb open": [1m[32mPASSED[39m[22m
"Selector order" for "open week 7 Feb": [1m[32mPASSED[39m[22m
"Additional comments" for "Mo,Tu 10:00-16:00 open "no warranty"; We 12:00-18:00 open "female only"; Th closed "Not open because we are coding :)"; Fr 10:00-16:00 open "male only"; Sa 10:00-12:00 "Maybe open. Call us."": [1m[32mPASSED[39m[22m
"Additional comments for unknown" for "Sa 10:00-12:00 "Maybe open. Call us. (testing special tokens in comment: ; ;; ' || | test end)"": [1m[32mPASSED[39m[22m
"Additional comments for unknown" for "Sa 10:00-12:00 unknown "Maybe open. Call us. (testing special tokens in comment: ; ;; ' || | test end)"": [1m[32mPASSED[39m[22m
"Date overwriting with additional comments for unknown " for "Mo-Fr 10:00-20:00 unknown "Maybe"; We 10:00-16:00 "Maybe open. Call us."": [1m[32mPASSED[39m[22m
"Additional comments with time ranges spanning midnight" for "22:00-26:00; We 12:00-14:00 unknown "Maybe open. Call us."": [1m[32mPASSED[39m[22m
"Additional comments for closed with time ranges spanning midnight" for "22:00-26:00; We 12:00-14:00 off "Not open because we are too tired"": [1m[32mPASSED[39m[22m
"Additional comments for closed with time ranges spanning midnight" for "22:00-26:00; We 12:00-14:00 closed "Not open because we are too tired"": [1m[32mPASSED[39m[22m
"Additional comments combined with additional blocks" for "Mo 12:00-14:00 open "female only", Mo 14:00-16:00 open "male only"": [1m[32mPASSED[39m[22m
"Additional comments combined with months" for "Apr-Sep; Oct-Dec "on request"": [1m[32mPASSED[39m[22m
"Additional comments combined with months" for "Oct-Dec "on request"; Apr-Sep": [1m[32mPASSED[39m[22m
"Complex example used in README" for "open; Tu-Su 08:30-09:00 off; Tu-Su 14:00-14:30 off; Mo 08:00-13:00 off": [1m[32mPASSED[39m[22m
"Complex example used in README" for "00:00-24:00; Tu-Su 08:30-09:00 off; Tu-Su 14:00-14:30 off; Mo 08:00-13:00 off": [1m[32mPASSED[39m[22m
"Complex example used in README and benchmark" for "Mo,Tu,Th,Fr 12:00-18:00; Sa 12:00-17:00; Th[3] off; Th[-1] off": [1m[32mPASSED[39m[22m
"Complex example used in README and benchmark" for "Mo,Tu,Th,Fr 12:00-18:00; Sa 12:00-17:00; Th[3],Th[-1] off": [1m[32mPASSED[39m[22m
"Warnings corrected to additional block (real world example)" for "Mo-Fr 09:00-12:00, Mo,Tu,Th 15:00-18:00": [1m[32mPASSED[39m[22m
"Warnings corrected to additional block (real world example)" for "Mo – Fr: 9 – 12 Uhr und Mo, Di, Do: 15 – 18 Uhr": [1m[32mPASSED[39m[22m
With [1m[34mwarnings[39m[22m:
	*Mo – <--- (Please use notation "-" for "–".)
	*Mo – Fr: 9 – <--- (Please use notation "-" for "–".)
	*Mo – Fr: 9 – 12 Uhr <--- (Bitte verzichte auf "uhr".)
	*Mo – Fr: 9 – 12 Uhr und <--- (Bitte benutze die Schreibweise "," als Ersatz für "und" bzw. "u.".)
	*Mo – Fr: 9 – 12 Uhr und Mo, Di <--- (Bitte benutze die englische Abkürzung "Tu" für "di".)
	*Mo – Fr: 9 – 12 Uhr und Mo, Di, Do <--- (Bitte benutze die englische Abkürzung "Th" für "do".)
	*Mo – Fr: 9 – 12 Uhr und Mo, Di, Do: 15 – <--- (Please use notation "-" for "–".)
	*Mo – Fr: 9 – 12 Uhr und Mo, Di, Do: 15 – 18 Uhr <--- (Bitte verzichte auf "uhr".)
	*Mo – Fr:  <--- (Please don’t use ":" after weekday.)
	*Mo – Fr: 9 – 12 Uhr un <--- (Time range without minutes specified. Not very explicit! Please use this syntax instead e.g. "12:00-14:00".)
	*Mo – Fr: 9 – 12 Uhr und Mo, Di, Do:  <--- (Please don’t use ":" after weekday.)
	*Mo – Fr: 9 – 12 Uhr und Mo, Di, Do: 15 – 18 Uhr <--- (Time range without minutes specified. Not very explicit! Please use this syntax instead e.g. "12:00-14:00".)
"Real world example: Was not processed right." for "Mo off, Tu 14:00-18:00, We-Sa 10:00-18:00": [1m[32mPASSED[39m[22m
"Real world example: Was not processed right." for "Mo: geschlossen, Di: 14-18Uhr, Mi-Sa: 10-18Uhr": [1m[32mPASSED[39m[22m
With [1m[34mwarnings[39m[22m:
	*Mo: geschlossen <--- (Bitte benutze "off" für "geschlossen". Beispiel: "Mo-Fr 08:00-12:00; Tu off")
	*Mo: geschlossen, Di <--- (Bitte benutze die englische Abkürzung "Tu" für "di".)
	*Mo: geschlossen, Di: 14-18Uhr <--- (Bitte verzichte auf "uhr".)
	*Mo: geschlossen, Di: 14-18Uhr, Mi <--- (Bitte benutze die englische Abkürzung "We" für "mi".)
	*Mo: geschlossen, Di: 14-18Uhr, Mi-Sa: 10-18Uhr <--- (Bitte verzichte auf "uhr".)
	*Mo: geschlos <--- (Please don’t use ":" after weekday.)
	*Mo: geschlossen, Di:  <--- (Please don’t use ":" after weekday.)
	*Mo: geschlossen, Di: 14-18Uhr <--- (Time range without minutes specified. Not very explicit! Please use this syntax instead e.g. "12:00-14:00".)
	*Mo: geschlossen, Di: 14-18Uhr, Mi-Sa:  <--- (Please don’t use ":" after weekday.)
	*Mo: geschlossen, Di: 14-18Uhr, Mi-Sa: 10-18Uhr <--- (Time range without minutes specified. Not very explicit! Please use this syntax instead e.g. "12:00-14:00".)
"Real world example: Was not processed right." for "Mo off; Tu 14:00-18:00; We-Sa 10:00-18:00": [1m[32mPASSED[39m[22m
"Real world example: Was not processed right (month range/monthday range)" for "Aug,Dec 25-easter": [1m[32mPASSED[39m[22m
"Real world example: Was not processed right (month range/monthday range)" for "Jun 15-Sep 15; Sep 16-Dec 31; Jan-Mar off; Dec 25-easter off": [1m[32mPASSED[39m[22m
"Real world example: Was not processed right." for "Jan Su[-2]-Jan Su[-1]: Fr-Su 12:00+; Feb Su[-2]-Feb Su[-1]: Fr-Su 12:00+; Mar 1-Jul 31: Th-Su 12:00+; Aug 1-Nov 30,Dec: Tu-Su 12:00+; Dec 24-26,Dec 31: off": [1m[32mPASSED[39m[22m
"Real world example: Was not processed right." for "Jan Su[-2]-Jan Su[-1],Feb Su[-2]-Feb Su[-1]: Fr-Su 12:00+; Mar 1-Dec 31: Tu-Su 12:00+; Dec 24-26,Dec 31: off": [1m[32mPASSED[39m[22m
"Simplifed real world example: Was not processed right." for "Nov 1-20,Dec": [1m[32mPASSED[39m[22m
"Real world example: Was processed right form library." for "Mo 19:00+; We 14:00+; Su 10:00+ || "Führung, Sonderführungen nach Vereinbarung."": [1m[32mPASSED[39m[22m
"Real world example: Was processed right form library." for "Mo 19:00-05:00 || "Sonderführungen nach Vereinbarung."": [1m[32mPASSED[39m[22m
"Real world example: Was processed right form library." for "Mo 19:00+ || "Sonderführungen nach Vereinbarung."": [1m[32mPASSED[39m[22m
"Real world example: Was not processed right." for "Jun 15-Sep 15: Th-Su 16:00-19:00; Sep 16-Dec 31: Sa,Su 16:00-19:00; Jan,Feb,Mar off; Dec 25,easter off": [1m[32mPASSED[39m[22m
"Based on real world example: Is processed right." for "Nov-Dec Sa,Su 16:00-19:00; Dec 22 off": [1m[32mPASSED[39m[22m
"Based on real world example: Is processed right." for "May-Sep: 00:00-24:00, Apr-Oct: Sa-Su 08:00-15:00": [1m[32mPASSED[39m[22m
"Based on real world example: Is processed right." for "Apr-Oct: Sa-Su 08:00-15:00, May-Sep: 00:00-24:00": [1m[32mPASSED[39m[22m
"Based on real world example: Is processed right." for "Apr-Oct: Sa-Su 08:00-15:00; May-Sep: 00:00-24:00": [1m[32mPASSED[39m[22m
"Variable events" for "easter": [1m[32mPASSED[39m[22m
"Calculations based on variable events" for "easter +1 day open "Easter Monday"": [1m[32mPASSED[39m[22m
"Calculations based on variable events" for "Apr 5-easter -1 day: open "Before easter"": [1m[32mPASSED[39m[22m
"Calculations based on variable events" for "easter-Apr 20: open "Around easter"": [1m[32mPASSED[39m[22m
"Calculations based on variable events" for "easter-Apr 2: open "Around easter"": [1m[32mPASSED[39m[22m
"Calculations based on variable events" for "2012 easter -2 days-2012 easter +2 days: open "Around easter"": [1m[32mPASSED[39m[22m
"Calculations based on variable events" for "easter -2 days-easter +2 days: open "Around easter"": [1m[32mPASSED[39m[22m
"Calculations based on variable events" for "easter -2 days-easter +2 days open "Around easter"": [1m[32mPASSED[39m[22m
"Additional blocks with comment" for "Fr 08:00-12:00, Fr 12:00-16:00 open "Notfallsprechstunde"": [1m[32mPASSED[39m[22m
"Additional blocks with comment" for "Fr 08:00-12:00 || Fr 12:00-16:00 open "Notfallsprechstunde"": [1m[32mPASSED[39m[22m
"Points in time, mode 1" for "Mo 12:00,15:00; Tu-Fr 14:00": [1m[32mPASSED[39m[22m
"Points in time, mode 1" for "Mo sunrise,sunset": [1m[32mPASSED[39m[22m
"Points in time with month, mode 1" for "Apr 08:00": [1m[32mPASSED[39m[22m
"Points in time with month, mode 1" for "Apr: 08:00": [1m[32mPASSED[39m[22m
"Points in time, mode 2" for "Mo sunrise,sunset": [1m[32mPASSED[39m[22m
"Points in time, mode 2" for "Mo (sunrise+01:00)": [1m[32mPASSED[39m[22m
"Points in time and times ranges, mode 2" for "Mo 12:00,13:00-14:00": [1m[32mPASSED[39m[22m
"Points in time and times ranges, mode 2" for "Mo 13:00-14:00,12:00": [1m[32mPASSED[39m[22m
"Points in time, period times" for "Mo-Fr 10:00-16:00/01:30": [1m[32mPASSED[39m[22m
"Points in time, period times" for "Mo-Fr 10:00-16:00/90": [1m[32mPASSED[39m[22m
"Points in time, period times" for "Mo-Fr 10:00-16:00/90; Sa off "testing at end for parser"": [1m[32mPASSED[39m[22m
"Points in time, period times" for "Mo-Fr 10:00-16:00/02:00": [1m[32mPASSED[39m[22m
"Points in time, period times" for "Mo-Fr 10:00-16:00/120": [1m[32mPASSED[39m[22m
"Points in time, period times time wrap" for "Mo-Fr 22:00-03:00/01:00": [1m[32mPASSED[39m[22m
"Points in time, period times with variable times" for "Mo-Fr sunrise-(sunset-02:00)/120": [1m[32mPASSED[39m[22m
"Points in time, period times (real world example)" for "Sa 08:00,09:00,10:00,11:00,12:00,13:00,14:00, Mo-Fr 15:00,16:00,17:00,18:00,19:00,20:00": [1m[32mPASSED[39m[22m
"Points in time, period times (real world example)" for "Mo-Fr 15:00-20:00/60; Sa 08:00-14:00/60": [1m[32mPASSED[39m[22m
"Input tolerance: case and whitespace" for "Mo,Tu,We,Th 12:00-20:00; 14:00-16:00 off": [1m[32mPASSED[39m[22m
"Input tolerance: case and whitespace" for "   monday,    Tu, wE,   TH    12:00 - 20:00  ; 14:00-16:00	Off  ": [1m[32mPASSED[39m[22m
With [1m[34mwarnings[39m[22m:
	*   monday <--- (Please use the abbreviation "Mo" for "monday".)
"Input tolerance: weekdays, months in different languages" for "Mo,Tu,We,Th 12:00-20:00; 14:00-16:00 off": [1m[32mPASSED[39m[22m
"Input tolerance: weekdays, months in different languages" for "mon, Dienstag, Mi, donnerstag 12:00-20:00; 14:00-16:00 off": [1m[32mPASSED[39m[22m
With [1m[34mwarnings[39m[22m:
	*mon <--- (Please use the abbreviation "Mo" for "mon".)
	*mon, Dienstag <--- (Bitte benutze die englische Abkürzung "Tu" für "dienstag".)
	*mon, Dienstag, Mi <--- (Bitte benutze die englische Abkürzung "We" für "mi".)
	*mon, Dienstag, Mi, donnerstag <--- (Bitte benutze die englische Abkürzung "Th" für "donnerstag".)
"Input tolerance: weekdays, months in different languages" for "mon, Tuesday, wed, Thursday 12:00-20:00; 14:00-16:00 off": [1m[32mPASSED[39m[22m
With [1m[34mwarnings[39m[22m:
	*mon <--- (Please use the abbreviation "Mo" for "mon".)
	*mon, Tuesday <--- (Please use the abbreviation "Tu" for "tuesday".)
	*mon, Tuesday, wed <--- (Please use the abbreviation "We" for "wed".)
	*mon, Tuesday, wed, Thursday <--- (Please use the abbreviation "Th" for "thursday".)
"Input tolerance: weekdays, months in different languages" for "mon., Tuesday, wed., Thursday. 12:00-20:00; 14:00-16:00 off": [1m[32mPASSED[39m[22m
With [1m[34mwarnings[39m[22m:
	*mon <--- (Please use the abbreviation "Mo" for "mon".)
	*mon., Tuesday <--- (Please use the abbreviation "Tu" for "tuesday".)
	*mon., Tuesday, wed <--- (Please use the abbreviation "We" for "wed".)
	*mon., Tuesday, wed., Thursday <--- (Please use the abbreviation "Th" for "thursday".)
"Extensions: missing time range separators" for "Mo 12:00-14:00 16:00-18:00 20:00-22:00": [1m[32mPASSED[39m[22m
With [1m[34mwarnings[39m[22m:
	*Mo 12:00-14:00 16:00-18:00 20:00-22:00 <--- (You have used 3 not connected time ranges in one rule. This is probably an error. Equal selector types can (and should) always be written in conjunction separated by comma or something. Example for time ranges "12:00-13:00,15:00-18:00". Example for weekdays "Mo-We,Fr". Rules can be separated by ";".)
"Time intervals (not specified/documented use of colon, please avoid this)" for "00:00-24:00; Mo 15:00-16:00 off": [1m[32mPASSED[39m[22m
"Time intervals (not specified/documented use of colon, please avoid this)" for "00:00-24:00; Mo: 15:00-16:00 off": [1m[32mPASSED[39m[22m
With [1m[34mwarnings[39m[22m:
	*00:00-24:00; Mo:  <--- (Please don’t use ":" after weekday.)
With [1m[34mwarnings[39m[22m:
	*Mo[2] - 0 days <--- (Adding 0 does not change the date. Please omit this.)
"Value not ideal (probably wrong). Should throw a warning." for "Mo[2] - 0 days; 00:23-00:42 unknown "warning at correct position?"": [1m[32mPASSED[39m[22m
With [1m[34mwarnings[39m[22m:
	*Mo[2] - 0 days <--- (Adding 0 does not change the date. Please omit this.)
With [1m[34mwarnings[39m[22m:
	*Mo& <--- (Please use notation "," for "&".)
"Value not ideal (probably wrong). Should throw a warning." for "Mo&Th; 00:23-00:42 unknown "warning at correct position?"": [1m[32mPASSED[39m[22m
With [1m[34mwarnings[39m[22m:
	*Mo& <--- (Please use notation "," for "&".)
With [1m[34mwarnings[39m[22m:
	*Mon <--- (Please use the abbreviation "Mo" for "mon".)
"Value not ideal (probably wrong). Should throw a warning." for "Mon; 00:23-00:42 unknown "warning at correct position?"": [1m[32mPASSED[39m[22m
With [1m[34mwarnings[39m[22m:
	*Mon <--- (Please use the abbreviation "Mo" for "mon".)
With [1m[34mwarnings[39m[22m:
	*8-18 <--- (Time range without minutes specified. Not very explicit! Please use this syntax instead e.g. "12:00-14:00".)
"Value not ideal (probably wrong). Should throw a warning." for "8-18; 00:23-00:42 unknown "warning at correct position?"": [1m[32mPASSED[39m[22m
With [1m[34mwarnings[39m[22m:
	*8-18 <--- (Time range without minutes specified. Not very explicit! Please use this syntax instead e.g. "12:00-14:00".)
With [1m[34mwarnings[39m[22m:
	*12. <--- (Please use ":" as hour/minute-separator)
"Value not ideal (probably wrong). Should throw a warning." for "12.00-14:00; 00:23-00:42 unknown "warning at correct position?"": [1m[32mPASSED[39m[22m
With [1m[34mwarnings[39m[22m:
	*12. <--- (Please use ":" as hour/minute-separator)
With [1m[34mwarnings[39m[22m:
	*24/7; 12:00-14:00 off; 00:23-00:42 unknown "warning at correct position?" <--- (You used 24/7 in a way that is probably not interpreted as "24 hours 7 days a week". For correctness you might want to use "open" or "closed" for this rule and then write your exceptions which should achieve the same goal and is more clear e.g. "open; Mo 12:00-14:00 off".)
"Value not ideal (probably wrong). Should throw a warning." for "24/7; 12:00-14:00 off; 00:23-00:42 unknown "warning at correct position?"": [1m[32mPASSED[39m[22m
With [1m[34mwarnings[39m[22m:
	*24/7; 12:00-14:00 off; 00:23-00:42 unknown "warning at correct position?" <--- (You used 24/7 in a way that is probably not interpreted as "24 hours 7 days a week". For correctness you might want to use "open" or "closed" for this rule and then write your exceptions which should achieve the same goal and is more clear e.g. "open; Mo 12:00-14:00 off".)
With [1m[34mwarnings[39m[22m:
	*2013-2015/1 <--- (Please don’t use year ranges with period equals one.)
"Value not ideal (probably wrong). Should throw a warning." for "2013-2015/1; 00:23-00:42 unknown "warning at correct position?"": [1m[32mPASSED[39m[22m
With [1m[34mwarnings[39m[22m:
	*2013-2015/1 <--- (Please don’t use year ranges with period equals one.)
With [1m[34mwarnings[39m[22m:
	*2013,2015,2050-2053,2055/2,2020-2029/3,2060-2065/1  <--- (Please don’t use year ranges with period equals one.)
"Value not ideal (probably wrong). Should throw a warning." for "2013,2015,2050-2053,2055/2,2020-2029/3,2060-2065/1 Jan 1; 00:23-00:42 unknown "warning at correct position?"": [1m[32mPASSED[39m[22m
With [1m[34mwarnings[39m[22m:
	*2013,2015,2050-2053,2055/2,2020-2029/3,2060-2065/1  <--- (Please don’t use year ranges with period equals one.)
With [1m[34mwarnings[39m[22m:
	*Mo:  <--- (Please don’t use ":" after weekday.)
"Value not ideal (probably wrong). Should throw a warning." for "Mo: 15:00-16:00 off; 00:23-00:42 unknown "warning at correct position?"": [1m[32mPASSED[39m[22m
With [1m[34mwarnings[39m[22m:
	*Mo:  <--- (Please don’t use ":" after weekday.)
With [1m[34mwarnings[39m[22m:
	*Mo-Do <--- (Bitte benutze die englische Abkürzung "Th" für "do".)
	*Mo-Do 8:30-20:00 Fr 8:29-18:00 <--- (You have used 2 not connected time ranges in one rule. This is probably an error. Equal selector types can (and should) always be written in conjunction separated by comma or something. Example for time ranges "12:00-13:00,15:00-18:00". Example for weekdays "Mo-We,Fr". Rules can be separated by ";".)
	*Mo-Do 8:30-20:00 Fr  <--- (You have used 2 not connected weekdays in one rule. This is probably an error. Equal selector types can (and should) always be written in conjunction separated by comma or something. Example for time ranges "12:00-13:00,15:00-18:00". Example for weekdays "Mo-We,Fr". Rules can be separated by ";".)
"Value not ideal (probably wrong). Should throw a warning." for "Mo-Do 8:30-20:00 Fr 8:29-18:00; 00:23-00:42 unknown "warning at correct position?"": [1m[32mPASSED[39m[22m
With [1m[34mwarnings[39m[22m:
	*Mo-Do <--- (Bitte benutze die englische Abkürzung "Th" für "do".)
	*Mo-Do 8:30-20:00 Fr 8:29-18:00 <--- (You have used 2 not connected time ranges in one rule. This is probably an error. Equal selector types can (and should) always be written in conjunction separated by comma or something. Example for time ranges "12:00-13:00,15:00-18:00". Example for weekdays "Mo-We,Fr". Rules can be separated by ";".)
	*Mo-Do 8:30-20:00 Fr  <--- (You have used 2 not connected weekdays in one rule. This is probably an error. Equal selector types can (and should) always be written in conjunction separated by comma or something. Example for time ranges "12:00-13:00,15:00-18:00". Example for weekdays "Mo-We,Fr". Rules can be separated by ";".)
With [1m[34mwarnings[39m[22m:
	*Mo 12:00-14:00 16:00-18:00 20:00-22:00 <--- (You have used 3 not connected time ranges in one rule. This is probably an error. Equal selector types can (and should) always be written in conjunction separated by comma or something. Example for time ranges "12:00-13:00,15:00-18:00". Example for weekdays "Mo-We,Fr". Rules can be separated by ";".)
"Value not ideal (probably wrong). Should throw a warning." for "Mo 12:00-14:00 16:00-18:00 20:00-22:00; 00:23-00:42 unknown "warning at correct position?"": [1m[32mPASSED[39m[22m
With [1m[34mwarnings[39m[22m:
	*Mo 12:00-14:00 16:00-18:00 20:00-22:00 <--- (You have used 3 not connected time ranges in one rule. This is probably an error. Equal selector types can (and should) always be written in conjunction separated by comma or something. Example for time ranges "12:00-13:00,15:00-18:00". Example for weekdays "Mo-We,Fr". Rules can be separated by ";".)
With [1m[34mwarnings[39m[22m:
	*Mo-So <--- (Bitte benutze die englische Abkürzung "Su" für "so". Could also mean Saturday in Polish …)
"Value not ideal (probably wrong). Should throw a warning." for "Mo-So 08:00-22:00; 00:23-00:42 unknown "warning at correct position?"": [1m[32mPASSED[39m[22m
With [1m[34mwarnings[39m[22m:
	*Mo-So <--- (Bitte benutze die englische Abkürzung "Su" für "so". Could also mean Saturday in Polish …)
With [1m[34mwarnings[39m[22m:
	*Mo Tu Fr <--- (You have used 3 not connected weekdays in one rule. This is probably an error. Equal selector types can (and should) always be written in conjunction separated by comma or something. Example for time ranges "12:00-13:00,15:00-18:00". Example for weekdays "Mo-We,Fr". Rules can be separated by ";".)
"Value not ideal (probably wrong). Should throw a warning." for "Mo Tu Fr; 00:23-00:42 unknown "warning at correct position?"": [1m[32mPASSED[39m[22m
With [1m[34mwarnings[39m[22m:
	*Mo Tu Fr <--- (You have used 3 not connected weekdays in one rule. This is probably an error. Equal selector types can (and should) always be written in conjunction separated by comma or something. Example for time ranges "12:00-13:00,15:00-18:00". Example for weekdays "Mo-We,Fr". Rules can be separated by ";".)
"Value not ideal (probably wrong). Should throw a warning." for "Mo,Mo": [1m[33mIGNORED[39m[22m, reason: not implemented yet
"Value not ideal (probably wrong). Should throw a warning." for "Mo,Sa,Mo": [1m[33mIGNORED[39m[22m, reason: not implemented yet
"Value not ideal (probably wrong). Should throw a warning." for "Jan,Jan": [1m[33mIGNORED[39m[22m, reason: not implemented yet
"Value not ideal (probably wrong). Should throw a warning." for "Jan,Sep,Jan": [1m[33mIGNORED[39m[22m, reason: not implemented yet
With [1m[34mwarnings[39m[22m:
	*Jan Dec <--- (You have used 2 not connected months in one rule. This is probably an error. Equal selector types can (and should) always be written in conjunction separated by comma or something. Example for time ranges "12:00-13:00,15:00-18:00". Example for weekdays "Mo-We,Fr". Rules can be separated by ";".)
"Value not ideal (probably wrong). Should throw a warning." for "Jan Dec; 00:23-00:42 unknown "warning at correct position?"": [1m[32mPASSED[39m[22m
With [1m[34mwarnings[39m[22m:
	*Jan Dec <--- (You have used 2 not connected months in one rule. This is probably an error. Equal selector types can (and should) always be written in conjunction separated by comma or something. Example for time ranges "12:00-13:00,15:00-18:00". Example for weekdays "Mo-We,Fr". Rules can be separated by ";".)
With [1m[34mwarnings[39m[22m:
	*Jan 1-22/1 <--- (Please don’t use day ranges with period equals one.)
"Value not ideal (probably wrong). Should throw a warning." for "Jan 1-22/1; 00:23-00:42 unknown "warning at correct position?"": [1m[32mPASSED[39m[22m
With [1m[34mwarnings[39m[22m:
	*Jan 1-22/1 <--- (Please don’t use day ranges with period equals one.)
With [1m[34mwarnings[39m[22m:
	*"testing" "second comment" <--- (You have used 2 comments in one rule. You may only use one in one rule. Rules can be separated by ";".)
"Value not ideal (probably wrong). Should throw a warning." for ""testing" "second comment"; 00:23-00:42 unknown "warning at correct position?"": [1m[32mPASSED[39m[22m
With [1m[34mwarnings[39m[22m:
	*"testing" "second comment" <--- (You have used 2 comments in one rule. You may only use one in one rule. Rules can be separated by ";".)
With [1m[34mwarnings[39m[22m:
	*Jan 12:00-13:00 Mo 15:00-16:00 <--- (You have used 2 not connected time ranges in one rule. This is probably an error. Equal selector types can (and should) always be written in conjunction separated by comma or something. Example for time ranges "12:00-13:00,15:00-18:00". Example for weekdays "Mo-We,Fr". Rules can be separated by ";".)
"Value not ideal (probably wrong). Should throw a warning." for "Jan 12:00-13:00 Mo 15:00-16:00; 00:23-00:42 unknown "warning at correct position?"": [1m[32mPASSED[39m[22m
With [1m[34mwarnings[39m[22m:
	*Jan 12:00-13:00 Mo 15:00-16:00 <--- (You have used 2 not connected time ranges in one rule. This is probably an error. Equal selector types can (and should) always be written in conjunction separated by comma or something. Example for time ranges "12:00-13:00,15:00-18:00". Example for weekdays "Mo-We,Fr". Rules can be separated by ";".)
With [1m[34mwarnings[39m[22m:
	*sunrise-(sunset-00:00 <--- (Adding zero in a variable time calculation does not change the variable time. Please omit the calculation (example: "sunrise-(sunset-00:00)").)
"Value not ideal (probably wrong). Should throw a warning." for "sunrise-(sunset-00:00); 00:23-00:42 unknown "warning at correct position?"": [1m[32mPASSED[39m[22m
With [1m[34mwarnings[39m[22m:
	*sunrise-(sunset-00:00 <--- (Adding zero in a variable time calculation does not change the variable time. Please omit the calculation (example: "sunrise-(sunset-00:00)").)
With [1m[34mwarnings[39m[22m:
	*Jun 2-20/1 <--- (Please don’t use day ranges with period equals one.)
"Value not ideal (probably wrong). Should throw a warning." for "Jun 2-20/1; 00:23-00:42 unknown "warning at correct position?"": [1m[32mPASSED[39m[22m
With [1m[34mwarnings[39m[22m:
	*Jun 2-20/1 <--- (Please don’t use day ranges with period equals one.)
With [1m[34mwarnings[39m[22m:
	*2014-2020/1 <--- (Please don’t use year ranges with period equals one.)
"Value not ideal (probably wrong). Should throw a warning." for "2014-2020/1; 00:23-00:42 unknown "warning at correct position?"": [1m[32mPASSED[39m[22m
With [1m[34mwarnings[39m[22m:
	*2014-2020/1 <--- (Please don’t use year ranges with period equals one.)
With [1m[34mwarnings[39m[22m:
	*2014/1 <--- (Please don’t use year ranges with period equals one. If you want to express that a facility is open starting from a year without limit use "<year>+".)
"Value not ideal (probably wrong). Should throw a warning." for "2014/1; 00:23-00:42 unknown "warning at correct position?"": [1m[32mPASSED[39m[22m
With [1m[34mwarnings[39m[22m:
	*2014/1 <--- (Please don’t use year ranges with period equals one. If you want to express that a facility is open starting from a year without limit use "<year>+".)
With [1m[34mwarnings[39m[22m:
	*Mo-Sa 11:00-21:00 Su  <--- (You have used 2 not connected weekdays in one rule. This is probably an error. Equal selector types can (and should) always be written in conjunction separated by comma or something. Example for time ranges "12:00-13:00,15:00-18:00". Example for weekdays "Mo-We,Fr". Rules can be separated by ";".)
"Value not ideal (probably wrong). Should throw a warning." for "Mo-Sa 11:00-21:00 Su off; 00:23-00:42 unknown "warning at correct position?"": [1m[32mPASSED[39m[22m
With [1m[34mwarnings[39m[22m:
	*Mo-Sa 11:00-21:00 Su  <--- (You have used 2 not connected weekdays in one rule. This is probably an error. Equal selector types can (and should) always be written in conjunction separated by comma or something. Example for time ranges "12:00-13:00,15:00-18:00". Example for weekdays "Mo-We,Fr". Rules can be separated by ";".)
"Incorrect syntax which should throw an error" for "sdasdlasdj a3reaw": [1m[32mPASSED[39m[22m
sd <--- (Unexpected token: "s" This means that the syntax is not valid at that point or it is currently not supported.) sdasdlasdj a3reaw <--- (Assuming "We" for "w")

"Incorrect syntax which should throw an error" for "": [1m[32mPASSED[39m[22m
Value contains nothing meaningful which can be parsed

"Incorrect syntax which should throw an error" for ";": [1m[32mPASSED[39m[22m
Value contains nothing meaningful which can be parsed

"Incorrect syntax which should throw an error" for "||": [1m[32mPASSED[39m[22m
|| <--- (Rule before fallback rule does not contain anything useful)

"Incorrect syntax which should throw an error" for " ": [1m[32mPASSED[39m[22m
Value contains nothing meaningful which can be parsed

"Incorrect syntax which should throw an error" for "*newline*": [1m[32mPASSED[39m[22m
Value contains nothing meaningful which can be parsed

"Incorrect syntax which should throw an error" for "Mo[2] - 7 days; 00:23-00:42 unknown "warning at correct position?"": [1m[32mPASSED[39m[22m
Mo[2] - 7 <--- (Unexpected token: "-" This means that the syntax is not valid at that point or it is currently not supported.) Mo[2] - 7 days <--- (Please use notation "Mo-Su" for "7 days".)

"Incorrect syntax which should throw an error" for ":week 2-54 00:00-24:00; 00:23-00:42 unknown "warning at correct position?"": [1m[32mPASSED[39m[22m
: <--- (Unexpected token: "timesep" This means that the syntax is not valid at that point or it is currently not supported.) 

"Incorrect syntax which should throw an error" for ":::week 2-54 00:00-24:00; 00:23-00:42 unknown "warning at correct position?"": [1m[32mPASSED[39m[22m
: <--- (Unexpected token: "timesep" This means that the syntax is not valid at that point or it is currently not supported.) 

"Incorrect syntax which should throw an error" for "week :2-54 00:00-24:00; 00:23-00:42 unknown "warning at correct position?"": [1m[32mPASSED[39m[22m
week : <--- (Unexpected token in week range: timesep)

"Incorrect syntax which should throw an error" for "week 2-54 00:00-24:00:; 00:23-00:42 unknown "warning at correct position?"": [1m[32mPASSED[39m[22m
week 2-54 00:00-24:00: <--- (Unexpected token: "timesep" This means that the syntax is not valid at that point or it is currently not supported.) 

"Incorrect syntax which should throw an error" for "week 2-54 00:00-24:00:::; 00:23-00:42 unknown "warning at correct position?"": [1m[32mPASSED[39m[22m
week 2-54 00:00-24:00::: <--- (Unexpected token: "timesep" This means that the syntax is not valid at that point or it is currently not supported.) 

"Incorrect syntax which should throw an error" for "week 2-54 00::00-24:00; 00:23-00:42 unknown "warning at correct position?"": [1m[32mPASSED[39m[22m
week 2-54 00: <--- (Missing minutes in time range after: "timesep")

"Incorrect syntax which should throw an error" for "(sunrise+01:00-sunset; 00:23-00:42 unknown "warning at correct position?"": [1m[32mPASSED[39m[22m
(sunrise+01:00- <--- (Calculcation with variable time is not in the right syntax. Missing ")".)

"Incorrect syntax which should throw an error" for "(sunrise+01::)-sunset; 00:23-00:42 unknown "warning at correct position?"": [1m[32mPASSED[39m[22m
(sunrise+01:: <--- (Calculcation with variable time is not in the right syntax (time).)

"Incorrect syntax which should throw an error" for "(sunrise)-sunset; 00:23-00:42 unknown "warning at correct position?"": [1m[32mPASSED[39m[22m
(sunrise) <--- (Calculcation with variable time is not in the right syntax. "+" or "-" expected.)

"Incorrect syntax which should throw an error" for "(; 00:23-00:42 unknown "warning at correct position?"": [1m[32mPASSED[39m[22m
( <--- (Unexpected token: "(" This means that the syntax is not valid at that point or it is currently not supported.) 

"Incorrect syntax which should throw an error" for "sunrise-(; 00:23-00:42 unknown "warning at correct position?"": [1m[32mPASSED[39m[22m
sunrise-( <--- (Time range does not continue as expected)

"Incorrect syntax which should throw an error" for "sunrise-sunset,(; 00:23-00:42 unknown "warning at correct position?"": [1m[32mPASSED[39m[22m
sunrise-sunset,( <--- (Missing variable time (e.g. sunrise) after: "(")

"Incorrect syntax which should throw an error" for "dusk;dawn; 00:23-00:42 unknown "warning at correct position?"": [1m[32mPASSED[39m[22m
dusk <--- (hyphen (-) or open end (+) in time range expected. For working with points in time, the mode for opening_hours.js has to be altered. Maybe wrong tag?)

"Incorrect syntax which should throw an error" for "dusk; 00:23-00:42 unknown "warning at correct position?"": [1m[32mPASSED[39m[22m
dusk <--- (hyphen (-) or open end (+) in time range expected. For working with points in time, the mode for opening_hours.js has to be altered. Maybe wrong tag?)

"Incorrect syntax which should throw an error" for "27:00-29:00; 00:23-00:42 unknown "warning at correct position?"": [1m[32mPASSED[39m[22m
27:00 <--- (Time range starts outside of the current day)

"Incorrect syntax which should throw an error" for "14:/; 00:23-00:42 unknown "warning at correct position?"": [1m[32mPASSED[39m[22m
14: <--- (Missing minutes in time range after: "timesep")

"Incorrect syntax which should throw an error" for "14:00/; 00:23-00:42 unknown "warning at correct position?"": [1m[32mPASSED[39m[22m
14:00/ <--- (hyphen (-) or open end (+) in time range expected. For working with points in time, the mode for opening_hours.js has to be altered. Maybe wrong tag?)

"Incorrect syntax which should throw an error" for "14:00-/; 00:23-00:42 unknown "warning at correct position?"": [1m[32mPASSED[39m[22m
14:00-/ <--- (Time range does not continue as expected)

"Incorrect syntax which should throw an error" for "14:00-16:00,.; 00:23-00:42 unknown "warning at correct position?"": [1m[32mPASSED[39m[22m
14:00-16:00,. <--- (Unexpected token: "timesep" This means that the syntax is not valid at that point or it is currently not supported.) 14:00-16:00,. <--- (Please use ":" as hour/minute-separator)

"Incorrect syntax which should throw an error" for "11; 00:23-00:42 unknown "warning at correct position?"": [1m[32mPASSED[39m[22m
11 <--- (Unexpected token: "number" This means that the syntax is not valid at that point or it is currently not supported.) 

"Incorrect syntax which should throw an error" for "11am; 00:23-00:42 unknown "warning at correct position?"": [1m[32mPASSED[39m[22m
11am <--- (Unexpected token: "number" This means that the syntax is not valid at that point or it is currently not supported.) 11am <--- (Please use time format in 24 hours notation ("am"). If PM is used you might have to convert the hours to the 24 hours notation.)

"Incorrect syntax which should throw an error" for "14:00-16:00,11:00; 00:23-00:42 unknown "warning at correct position?"": [1m[32mPASSED[39m[22m
14:00-16:00,11:00 <--- (hyphen (-) or open end (+) in time range expected. For working with points in time, the mode for opening_hours.js has to be altered. Maybe wrong tag?)

"Incorrect syntax which should throw an error" for "21:00-22:60; 00:23-00:42 unknown "warning at correct position?"": [1m[32mPASSED[39m[22m
21:00-22:60 <--- (Minutes are greater than 59.)

"Incorrect syntax which should throw an error" for "21:60-22:59; 00:23-00:42 unknown "warning at correct position?"": [1m[32mPASSED[39m[22m
21:60 <--- (Minutes are greater than 59.)

"Incorrect syntax which should throw an error" for "Sa[1.; 00:23-00:42 unknown "warning at correct position?"": [1m[32mPASSED[39m[22m
Sa[1. <--- ("]" or more numbers expected.)

"Incorrect syntax which should throw an error" for "Sa[1,0,3]; 00:23-00:42 unknown "warning at correct position?"": [1m[32mPASSED[39m[22m
Sa[1,0 <--- (Number between -5 and 5 (except 0) expected)

"Incorrect syntax which should throw an error" for "Sa[1,3-6]; 00:23-00:42 unknown "warning at correct position?"": [1m[32mPASSED[39m[22m
Sa[1,3-6 <--- (Number between -5 and 5 (except 0) expected.)

"Incorrect syntax which should throw an error" for "Sa[1,3-.]; 00:23-00:42 unknown "warning at correct position?"": [1m[32mPASSED[39m[22m
Sa[1,3- <--- ("]" or more numbers expected.)

"Incorrect syntax which should throw an error" for "Sa[1,3,.]; 00:23-00:42 unknown "warning at correct position?"": [1m[32mPASSED[39m[22m
Sa[1,3,. <--- (Unexpected token in number range: timesep)

"Incorrect syntax which should throw an error" for "PH + 2 day; 00:23-00:42 unknown "warning at correct position?"": [1m[32mPASSED[39m[22m
PH + 2 day <--- (There should be no reason to differ more than 1 days from a public holiday. If so tell us …)

"Incorrect syntax which should throw an error" for "Su-PH; 00:23-00:42 unknown "warning at correct position?"": [1m[32mPASSED[39m[22m
Su- <--- (Unexpected token: "-" This means that the syntax is not valid at that point or it is currently not supported.) 

"Incorrect syntax which should throw an error" for "2012, Jan; 00:23-00:42 unknown "warning at correct position?"": [1m[32mPASSED[39m[22m
2012, Jan <--- (Unexpected token in year range: month)

"Incorrect syntax which should throw an error" for "easter + 370 days; 00:23-00:42 unknown "warning at correct position?"": [1m[32mPASSED[39m[22m
easter + 370 days <--- (There should be no reason to differ more than 200 days from a event like easter. If so tell us …)

"Incorrect syntax which should throw an error" for "easter - 2 days - 2012 easter + 2 days: open "Easter Monday"; 00:23-00:42 unknown "warning at correct position?"": [1m[32mPASSED[39m[22m
easter - 2 days -  <--- (Unexpected token: "-" This means that the syntax is not valid at that point or it is currently not supported.) 

"Incorrect syntax which should throw an error" for "2012 easter - 2 days - easter + 2 days: open "Easter Monday"; 00:23-00:42 unknown "warning at correct position?"": [1m[32mPASSED[39m[22m
2012 easter - 2 days -  <--- (Unexpected token: "-" This means that the syntax is not valid at that point or it is currently not supported.) 

"Incorrect syntax which should throw an error" for "Jan,,,Dec; 00:23-00:42 unknown "warning at correct position?"": [1m[32mPASSED[39m[22m
Jan,, <--- (Unexpected token in month range: ,)

"Incorrect syntax which should throw an error" for "Mo,,Th; 00:23-00:42 unknown "warning at correct position?"": [1m[32mPASSED[39m[22m
Mo,, <--- (Unexpected token in weekday range: ,)

"Incorrect syntax which should throw an error" for "12:00-15:00/60; 00:23-00:42 unknown "warning at correct position?"": [1m[32mPASSED[39m[22m
12:00-15:00/60 <--- (opening_hours is running in "time range mode". Found point in time.)

"Incorrect syntax which should throw an error" for "12:00-15:00/1:00; 00:23-00:42 unknown "warning at correct position?"": [1m[32mPASSED[39m[22m
12:00-15:00/1:00 <--- (opening_hours is running in "time range mode". Found point in time.)

"Incorrect syntax which should throw an error" for "12:00-15:00/1:; 00:23-00:42 unknown "warning at correct position?"": [1m[32mPASSED[39m[22m
12:00-15:00/1: <--- (Time period does not continue as expected. Exampe "/01:30".)

"Incorrect syntax which should throw an error" for "Jun 0-Aug 23; 00:23-00:42 unknown "warning at correct position?"": [1m[32mPASSED[39m[22m
Jun 0 <--- (Day must be between 1 and 31.)

"Incorrect syntax which should throw an error" for "Feb 30-Aug 2; 00:23-00:42 unknown "warning at correct position?"": [1m[32mPASSED[39m[22m
Feb 30 <--- (Month Feb either has 28 or 29 days (leap years).)

"Incorrect syntax which should throw an error" for "Jun 2-Aug 42; 00:23-00:42 unknown "warning at correct position?"": [1m[32mPASSED[39m[22m
Jun 2 <--- (Day must be between 1 and 31.)

"Incorrect syntax which should throw an error" for "Jun 2-Aug 32; 00:23-00:42 unknown "warning at correct position?"": [1m[32mPASSED[39m[22m
Jun 2 <--- (Day must be between 1 and 31.)

"Incorrect syntax which should throw an error" for "Jun 2-32; 00:23-00:42 unknown "warning at correct position?"": [1m[32mPASSED[39m[22m
Jun 2-32 <--- (Day must be between 1 and 31.)

"Incorrect syntax which should throw an error" for "Jun 32-34; 00:23-00:42 unknown "warning at correct position?"": [1m[32mPASSED[39m[22m
Jun 32 <--- (Day must be between 1 and 31.)

"Incorrect syntax which should throw an error" for "Jun 2-32/2; 00:23-00:42 unknown "warning at correct position?"": [1m[32mPASSED[39m[22m
Jun 2-32 <--- (Day must be between 1 and 31.)

"Incorrect syntax which should throw an error" for "Jun 32; 00:23-00:42 unknown "warning at correct position?"": [1m[32mPASSED[39m[22m
Jun 32 <--- (Day must be between 1 and 31.)

"Incorrect syntax which should throw an error" for "Jun 30-24; 00:23-00:42 unknown "warning at correct position?"": [1m[32mPASSED[39m[22m
Jun 30-24 <--- (Range in wrong order. From day is greater than to day.)

"Incorrect syntax which should throw an error" for "Jun 2-20/0; 00:23-00:42 unknown "warning at correct position?"": [1m[32mPASSED[39m[22m
Jun 2-20/0 <--- (You can not use day ranges with period equals zero.)

"Incorrect syntax which should throw an error" for "2014-2020/0; 00:23-00:42 unknown "warning at correct position?"": [1m[32mPASSED[39m[22m
2014-2020/0 <--- (You can not use year ranges with period equals zero.)

"Incorrect syntax which should throw an error" for "2014/0; 00:23-00:42 unknown "warning at correct position?"": [1m[32mPASSED[39m[22m
2014/0 <--- (You can not use year ranges with period equals zero.)

"Incorrect syntax which should throw an error" for "2014-; 00:23-00:42 unknown "warning at correct position?"": [1m[32mPASSED[39m[22m
2014- <--- (Unexpected token: "-" This means that the syntax is not valid at that point or it is currently not supported.) 

"Incorrect syntax which should throw an error" for "2014-2014; 00:23-00:42 unknown "warning at correct position?"": [1m[32mPASSED[39m[22m
2014 <--- (A year range in which the start year is equal to the end year does not make sense. Please remove the end year. E.g. "2014 May 23")

"Incorrect syntax which should throw an error" for "2014-2012; 00:23-00:42 unknown "warning at correct position?"": [1m[32mPASSED[39m[22m
2014 <--- (A year range in which the start year is greater than the end year does not make sense. Please turn it over.)

"Incorrect syntax which should throw an error" for "26:00-27:00; 00:23-00:42 unknown "warning at correct position?"": [1m[32mPASSED[39m[22m
26:00 <--- (Time range starts outside of the current day)

"Incorrect syntax which should throw an error" for "23:00-55:00; 00:23-00:42 unknown "warning at correct position?"": [1m[32mPASSED[39m[22m
23:00-55:00 <--- (Time spanning more than two midnights not supported)

"Incorrect syntax which should throw an error" for "23:59-48:01; 00:23-00:42 unknown "warning at correct position?"": [1m[32mPASSED[39m[22m
23:59-48:01 <--- (Time spanning more than two midnights not supported)

"Incorrect syntax which should throw an error" for "Tu 23:59-48:00+; 00:23-00:42 unknown "warning at correct position?"": [1m[32mPASSED[39m[22m
Tu 23:59-48:00+ <--- (Time spanning more than two midnights not supported)

"Incorrect syntax which should throw an error" for "12:00; 00:23-00:42 unknown "warning at correct position?"": [1m[32mPASSED[39m[22m
12:00 <--- (hyphen (-) or open end (+) in time range expected. For working with points in time, the mode for opening_hours.js has to be altered. Maybe wrong tag?)

"Missing information (e.g. country or holidays not defined in this lib)" for "PH": [1m[32mPASSED[39m[22m
Country code missing which is needed to select the correct holidays (see README how to provide it)

"Missing information (e.g. country or holidays not defined in this lib)" for "SH": [1m[32mPASSED[39m[22m
Country code missing which is needed to select the correct holidays (see README how to provide it)

"opening_hours.js is in the wrong mode." for "Mo sunrise,sunset": [1m[32mPASSED[39m[22m
Mo sunrise, <--- (hyphen (-) or open end (+) in time range expected. For working with points in time, the mode for opening_hours.js has to be altered. Maybe wrong tag?)

"opening_hours.js is in the wrong mode." for "Mo sunrise-(sunrise+01:00)/60": [1m[32mPASSED[39m[22m
Mo sunrise-(sunrise+01:00)/60 <--- (opening_hours is running in "time range mode". Found point in time.)

"opening_hours.js is in the wrong mode." for "Mo 12:00-14:00": [1m[32mPASSED[39m[22m
Mo 12:00-14 <--- (opening_hours is running in "points in time mode". Found time range.)

"Time range starts outside of the current day for mode == 1." for "Mo-Fr 13:00,15:00,17:45,19:00,24:00; Sa 13:00,24:00; Su 10:00,18:00": [1m[32mPASSED[39m[22m
Mo-Fr 13:00,15:00,17:45,19:00,24:00 <--- (Time range starts outside of the current day)

"Time range starts outside of the current day for mode == 1." for "Mo-Fr 15:00,117:00; Sa 11:00": [1m[32mPASSED[39m[22m
Mo-Fr 15:00,117:00 <--- (Time range starts outside of the current day)

"Time range starts outside of the current day for mode == 1." for "Mo-Fr 08:00,24:00": [1m[32mPASSED[39m[22m
Mo-Fr 08:00,24:00 <--- (Time range starts outside of the current day)

"Time range starts outside of the current day for mode == 1." for "Mo-Fr 07:00,15:00,24.00; Sa-Su 24:00": [1m[32mPASSED[39m[22m
Mo-Fr 07:00,15:00,24.00 <--- (Time range starts outside of the current day)

"Time range starts outside of the current day for mode == 1." for "Mo-Fr 07:00,24.00,15:00; Sa-Su 24:00": [1m[32mPASSED[39m[22m
Mo-Fr 07:00,24.00 <--- (Time range starts outside of the current day)

"Time range does not continue as expected for mode == 1." for "7.00-": [1m[32mPASSED[39m[22m
7.00- <--- (Time range does not continue as expected)

"Time range does not continue as expected for mode == 1." for " mar-nov 12:30-": [1m[32mPASSED[39m[22m
 mar-nov 12:30- <--- (Time range does not continue as expected)

"Time range does not continue as expected for mode == 1." for " mar-nov 12:30-; 00:23-00:42 unknown "warning at correct position?"": [1m[32mPASSED[39m[22m
 mar-nov 12:30- <--- (Time range does not continue as expected)

"Time range does not continue as expected for mode == 1." for "7.00-": [1m[32mPASSED[39m[22m
7.00- <--- (Time range does not continue as expected)

"Time range does not continue as expected for mode == 1." for " mar-nov 12:30-": [1m[32mPASSED[39m[22m
 mar-nov 12:30- <--- (Time range does not continue as expected)

"Time range does not continue as expected for mode == 1." for " mar-nov 12:30-; 00:23-00:42 unknown "warning at correct position?"": [1m[32mPASSED[39m[22m
 mar-nov 12:30- <--- (Time range does not continue as expected)

"Time range does not continue as expected for mode == 1." for "(; 00:23-00:42 unknown "warning at correct position?"": [1m[32mPASSED[39m[22m
( <--- (Unexpected token: "(" This means that the syntax is not valid at that point or it is currently not supported.) 

"Time range does not continue as expected for mode == 1." for "sunrise-(; 00:23-00:42 unknown "warning at correct position?"": [1m[32mPASSED[39m[22m
sunrise-( <--- (Time range does not continue as expected)

"Time range does not continue as expected for mode == 1." for "sunrise-sunset,(; 00:23-00:42 unknown "warning at correct position?"": [1m[32mPASSED[39m[22m
sunrise-sunset,( <--- (Missing variable time (e.g. sunrise) after: "(")

"Trying to trigger "Missing minutes in time range after" for mode == 0." for "Mon-Sun 14-": [1m[32mPASSED[39m[22m
Mon-Sun 14- <--- (Missing time separator in time range after: "number")

"Trying to trigger "Missing minutes in time range after" for mode == 0." for "8:am": [1m[32mPASSED[39m[22m
8:am <--- (Missing minutes in time range after: "timesep")

"Trying to trigger "Missing minutes in time range after" for mode == 1." for "Mon-Sun 14-": [1m[32mPASSED[39m[22m
Mon-Sun 14- <--- (Missing time separator in time range after: "number")

"Trying to trigger "Missing minutes in time range after" for mode == 1." for "8:am": [1m[32mPASSED[39m[22m
8:am <--- (Missing minutes in time range after: "timesep")

"Trying to trigger "Missing minutes in time range after" for mode == 2." for "Mon-Sun 14-": [1m[32mPASSED[39m[22m
Mon-Sun 14- <--- (Missing time separator in time range after: "number")

"Trying to trigger "Missing minutes in time range after" for mode == 2." for "8:am": [1m[32mPASSED[39m[22m
8:am <--- (Missing minutes in time range after: "timesep")

"Trying to trigger "Missing time separator in time range after" for mode == 0." for "Su 7:30,10;00,22:00": [1m[32mPASSED[39m[22m
Su 7:30, <--- (hyphen (-) or open end (+) in time range expected. For working with points in time, the mode for opening_hours.js has to be altered. Maybe wrong tag?)

"Trying to trigger "Missing time separator in time range after" for mode == 0." for "Su 7:30,10i00,22:00": [1m[32mPASSED[39m[22m
Su 7:30, <--- (hyphen (-) or open end (+) in time range expected. For working with points in time, the mode for opening_hours.js has to be altered. Maybe wrong tag?)

"Trying to trigger "Missing time separator in time range after" for mode == 1." for "Su 7:30,10;00,22:00": [1m[32mPASSED[39m[22m
Su 7:30,10 <--- (Missing time separator in time range after: "number")

"Trying to trigger "Missing time separator in time range after" for mode == 1." for "Su 7:30,10i00,22:00": [1m[32mPASSED[39m[22m
Su 7:30,10i <--- (Missing time separator in time range after: "number")

"Trying to trigger "Missing time separator in time range after" for mode == 2." for "Su 7:30,10;00,22:00": [1m[32mPASSED[39m[22m
Su 7:30,10 <--- (Missing time separator in time range after: "number")

"Trying to trigger "Missing time separator in time range after" for mode == 2." for "Su 7:30,10i00,22:00": [1m[32mPASSED[39m[22m
Su 7:30,10i <--- (Missing time separator in time range after: "number")

"Compare result from getMatchingRule()" for "10:00-16:00": [1m[32mPASSED[39m[22m
"Compare result from getMatchingRule()" for "10:00-16:00;": [1m[32mPASSED[39m[22m
"Compare result from getMatchingRule()" for "08:00-10:00; 10:00-16:00;": [1m[32mPASSED[39m[22m
"Compare result from getMatchingRule()" for ""testing"; 10:00-16:00; 08:00-10:00;": [1m[32mPASSED[39m[22m
"Compare result from getMatchingRule()" for "Mo 11:00-14:30 "specific unknown for this time" || "general unknown"": [1m[32mPASSED[39m[22m
"Compare result from getMatchingRule()" for "Mo 11:00-14:30 "specific unknown for this time"|| "general unknown"": [1m[32mPASSED[39m[22m
"Compare result from getMatchingRule()" for "Mo 11:00-14:30 "specific unknown for this time" || "general unknown"": [1m[32mPASSED[39m[22m
"Compare result from getMatchingRule()" for "Mo 11:00-14:30 "specific unknown for this time" ||"general unknown" ": [1m[32mPASSED[39m[22m
"Compare result from getMatchingRule()" for "Fr 08:00-12:00, Fr 12:00-16:00 open "Notfallsprechstunde"": [1m[32mPASSED[39m[22m
"Compare result from getMatchingRule()" for "Fr 08:00-12:00 || Fr 12:00-16:00 open "Notfallsprechstunde"": [1m[32mPASSED[39m[22m
"Compare result from getMatchingRule()" for "Fr 08:00-12:00, Fr 12:00-16:00 open "Notfallsprechstunde"": [1m[32mPASSED[39m[22m
"Compare result from getMatchingRule()" for "Fr 08:00-12:00 || Fr 12:00-16:00 open "Notfallsprechstunde"": [1m[32mPASSED[39m[22m
468/472 tests passed
